// Jest Snapshot v1, https://goo.gl/fbAQLP

exports[`Navbar renders correctly 1`] = `
<nav
  class="navbar navbar-expand-lg navbar-dark bg-primary"
>
  <a
    class="navbar-brand"
    href="#"
  >
    Navbar
  </a>
  <button
    aria-controls="navbarNavAltMarkup"
    aria-expanded="false"
    aria-label="Toggle navigation"
    class="navbar-toggler"
    data-target="#navbarNavAltMarkup"
    data-toggle="collapse"
    type="button"
  >
    <span
      class="navbar-toggler-icon"
    />
  </button>
  <div
    class="collapse navbar-collapse"
    id="navbarNavAltMarkup"
  >
    <div
      class="navbar-nav"
    >
      <a
        class="nav-item nav-link active"
        href="#"
      >
        Home 
        <span
          class="sr-only"
        >
          (current)
        </span>
      </a>
      <a
        class="nav-item nav-link"
        href="#"
      >
        About
      </a>
    </div>
  </div>
</nav>
`;
